// Jest Snapshot v1, https://goo.gl/fbAQLP

exports[`<LoginPage /> renders correctly on load 1`] = `null`;

exports[`<LoginPage /> renders correctly on load 2`] = `null`;
