// Jest Snapshot v1, https://goo.gl/fbAQLP

exports[`<Column /> renders correctly with minimal props 1`] = `
<div
  className="column"
  role="region"
/>
`;
